// Jest Snapshot v1, https://goo.gl/fbAQLP

exports[`renders() renders without crashing 1`] = `"{\\"_reactInternalInstance\\":\\"censored\\"}"`;
